Microchip MPLAB XC8 Compiler V1.38 ()

Linker command line:

-W-3 --edf=C:\Program Files (x86)\Microchip\xc8\v1.38\dat\en_msgs.txt -cs \
  -h+dist/default/production\16F1829_-_nRF_mb_port.X.production.sym \
  --cmf=dist/default/production\16F1829_-_nRF_mb_port.X.production.cmf -z \
  -Q16F1829 -oC:\Users\Sasa\AppData\Local\Temp\s8k4.2 \
  -Mdist/default/production/16F1829_-_nRF_mb_port.X.production.map -E1 \
  -ver=XC8 -ASTACK=020E0h-023efh -pstack=STACK -ACODE=00h-07FFhx4 \
  -ASTRCODE=00h-01FFFh -ASTRING=00h-0FFhx32 -ACONST=00h-0FFhx32 \
  -AENTRY=00h-0FFhx32 -ACOMMON=070h-07Fh -ABANK0=020h-06Fh \
  -ABANK1=0A0h-0EFh -ABANK2=0120h-016Fh -ABANK3=01A0h-01EFh \
  -ABANK4=0220h-026Fh -ABANK5=02A0h-02EFh -ABANK6=0320h-036Fh \
  -ABANK7=03A0h-03EFh -ABANK8=0420h-046Fh -ABANK9=04A0h-04EFh \
  -ABANK10=0520h-056Fh -ABANK11=05A0h-05EFh -ABANK12=0620h-064Fh \
  -ABIGRAM=02000h-023EFh \
  -ARAM=020h-06Fh,0A0h-0EFh,0120h-016Fh,01A0h-01EFh,0220h-026Fh,02A0h-02EFh,0320h-036Fh,03A0h-03EFh,0420h-046Fh,04A0h-04EFh,0520h-056Fh,05A0h-05EFh,0620h-064Fh \
  -AABS1=020h-07Fh,0A0h-0EFh,0120h-016Fh,01A0h-01EFh,0220h-026Fh,02A0h-02EFh,0320h-036Fh,03A0h-03EFh,0420h-046Fh,04A0h-04EFh,0520h-056Fh,05A0h-05EFh,0620h-064Fh \
  -ASFR0=00h-01Fh -ASFR1=080h-09Fh -ASFR2=0100h-011Fh -ASFR3=0180h-019Fh \
  -ASFR4=0200h-021Fh -ASFR5=0280h-029Fh -ASFR6=0300h-031Fh \
  -ASFR7=0380h-039Fh -ASFR8=0400h-041Fh -ASFR9=0480h-049Fh \
  -ASFR10=0500h-051Fh -ASFR11=0580h-059Fh -ASFR12=0600h-061Fh \
  -ASFR13=0680h-06EFh -ASFR14=0700h-076Fh -ASFR15=0780h-07EFh \
  -ASFR16=0800h-086Fh -ASFR17=0880h-08EFh -ASFR18=0900h-096Fh \
  -ASFR19=0980h-09EFh -ASFR20=0A00h-0A6Fh -ASFR21=0A80h-0AEFh \
  -ASFR22=0B00h-0B6Fh -ASFR23=0B80h-0BEFh -ASFR24=0C00h-0C6Fh \
  -ASFR25=0C80h-0CEFh -ASFR26=0D00h-0D6Fh -ASFR27=0D80h-0DEFh \
  -ASFR28=0E00h-0E6Fh -ASFR29=0E80h-0EEFh -ASFR30=0F00h-0F6Fh \
  -ASFR31=0F80h-0FEFh -preset_vec=00h,intentry,init,end_init -ppowerup=CODE \
  -pcinit=CODE -pfunctab=CODE -ACONFIG=08007h-08008h -pconfig=CONFIG \
  -DCONFIG=2 -AIDLOC=08000h-08003h -pidloc=IDLOC -DIDLOC=2 \
  -AEEDATA=00h-0FFh/0F000h -peeprom_data=EEDATA -DEEDATA=2 -DCODE=2 \
  -DSTRCODE=2 -DSTRING=2 -DCONST=2 -DENTRY=2 -k \
  C:\Users\Sasa\AppData\Local\Temp\s8k4.obj \
  dist/default/production\16F1829_-_nRF_mb_port.X.production.obj 

Object code version is 3.11

Machine type is 16F1829



                Name                               Link     Load   Length Selector   Space Scale
C:\Users\Sasa\AppData\Local\Temp\s8k4.obj
                end_init                              2        2        2        0       0
                reset_vec                             0        0        2        0       0
                config                             8007     8007        2    1000E       0
dist/default/production\16F1829_-_nRF_mb_port.X.production.obj
                cinit                               7E2      7E2       1E      FC4       0
                text63                                4        4       82        0       0
                text62                             15BC     15BC       54     2B78       0
                text61                             1FB4     1FB4        6     3F68       0
                text60                             10E5     10E5       17     21CA       0
                text59                             133B     133B       30     2676       0
                text58                             123A     123A       27     2474       0
                swtext1                            1800     1800        A     3000       0
                text57                             11EE     11EE       26     23DC       0
                text56                             1FD4     1FD4        A     3FA8       0
                text55                             10FC     10FC       17     21F8       0
                text54                             1FC6     1FC6        7     3F8C       0
                text53                             1000     1000        B     1C56       0
                text52                             1090     1090       15     2120       0
                text51                             1196     1196       1C     232C       0
                text50                             12E0     12E0       2D     25C0       0
                text49                             1FCD     1FCD        7     3F9A       0
                text48                             1068     1068       14     20D0       0
                text47                             107C     107C       14     20F8       0
                text46                             1145     1145       1B     228A       0
                text45                             1160     1160       1B     22C0       0
                text44                             11B2     11B2       1E     2364       0
                text43                             13CD     13CD       34     279A       0
                text42                             130D     130D       2E     261A       0
                text41                             156B     156B       51     2AD6       0
                text40                             10A5     10A5       15     214A       0
                text39                             136B     136B       31     26D6       0
                text38                             1261     1261       28     24C2       0
                text37                             1793     1793       6D     2F26       0
                text36                             149E     149E       37     293C       0
                text35                             1FE8     1FE8        C     3FD0       0
                text34                             16CD     16CD       62     2D9A       0
                text33                             1017     1017        E     202E       0
                text32                             1033     1033       11     2066       0
                text31                             10BA     10BA       15     2174       0
                text30                             1469     1469       35     28D2       0
                text29                             1FF4     1FF4        C     3FE8       0
                text28                             112B     112B       1A     2256       0
                text27                             100B     100B        C     2016       0
                text26                             1289     1289       2B     2512       0
                text25                             1610     1610       5C     2C20       0
                text24                             1401     1401       34     2802       0
                text23                             1214     1214       26     2428       0
                text22                             166C     166C       61     2CD8       0
                text21                             1044     1044       11     2088       0
                text20                             1435     1435       34     286A       0
                text19                             12B4     12B4       2C     2568       0
                text18                             117B     117B       1B     22F6       0
                text17                             1025     1025        E     204A       0
                text16                              17C      17C      666      2F8       0
                text15                             10CF     10CF       16     219E       0
                text14                              C47      C47       87     188E       0
                text13                              AFA      AFA       4F     15F4       0
                text12                             139C     139C       31     2738       0
                text11                             172F     172F       64     2E5E       0
                text10                               86       86       F6      10C       0
                text9                               CCE      CCE       A9     199C       0
                text8                               D77      D77       B4     1AEE       0
                text7                              1055     1055       13     20AA       0
                text6                               B49      B49       7F     1692       0
                text5                              14D5     14D5       4B     29AA       0
                text4                               BC8      BC8       7F     1790       0
                text3                              1520     1520       4B     2A40       0
                text2                              1113     1113       18     2226       0
                text1                              11D0     11D0       1E     23A0       0
                maintext                            E2B      E2B      1D5     1C56       0
                cstackBANK0                          20       20       50       20       1
                cstackCOMMON                         70       70        E       70       1
                cstackBANK1                          B4       B4       14       A0       1
                clrtext                            1FBA     1FBA        6     3F74       0
                inittext                           1FC0     1FC0        6     3F80       0
                bssBANK2                            120      120       40      120       1
                dataBANK1                            C8       C8        A       A0       1
                bssBANK1                             A0       A0       14       A0       1
                stringtext                          800      800      2FA     1000       0
                idataBANK1                         1FDE     1FDE        A     3FBC       0

TOTAL           Name                               Link     Load   Length     Space
        CLASS   STACK          

        CLASS   CODE           
                end_init                              2        2        2         0
                cinit                               7E2      7E2       1E         0
                reset_vec                             0        0        2         0
                text63                                4        4       82         0
                text62                             15BC     15BC       54         0
                text61                             1FB4     1FB4        6         0
                text60                             10E5     10E5       17         0
                text59                             133B     133B       30         0
                text58                             123A     123A       27         0
                text57                             11EE     11EE       26         0
                text56                             1FD4     1FD4        A         0
                text55                             10FC     10FC       17         0
                text54                             1FC6     1FC6        7         0
                text53                             1000     1000        B         0
                text52                             1090     1090       15         0
                text51                             1196     1196       1C         0
                text50                             12E0     12E0       2D         0
                text49                             1FCD     1FCD        7         0
                text48                             1068     1068       14         0
                text47                             107C     107C       14         0
                text46                             1145     1145       1B         0
                text45                             1160     1160       1B         0
                text44                             11B2     11B2       1E         0
                text43                             13CD     13CD       34         0
                text42                             130D     130D       2E         0
                text41                             156B     156B       51         0
                text40                             10A5     10A5       15         0
                text39                             136B     136B       31         0
                text38                             1261     1261       28         0
                text37                             1793     1793       6D         0
                text36                             149E     149E       37         0
                text35                             1FE8     1FE8        C         0
                text34                             16CD     16CD       62         0
                text33                             1017     1017        E         0
                text32                             1033     1033       11         0
                text31                             10BA     10BA       15         0
                text30                             1469     1469       35         0
                text29                             1FF4     1FF4        C         0
                text28                             112B     112B       1A         0
                text27                             100B     100B        C         0
                text26                             1289     1289       2B         0
                text25                             1610     1610       5C         0
                text24                             1401     1401       34         0
                text23                             1214     1214       26         0
                text22                             166C     166C       61         0
                text21                             1044     1044       11         0
                text20                             1435     1435       34         0
                text19                             12B4     12B4       2C         0
                text18                             117B     117B       1B         0
                text17                             1025     1025        E         0
                text16                              17C      17C      666         0
                text15                             10CF     10CF       16         0
                text14                              C47      C47       87         0
                text13                              AFA      AFA       4F         0
                text12                             139C     139C       31         0
                text11                             172F     172F       64         0
                text10                               86       86       F6         0
                text9                               CCE      CCE       A9         0
                text8                               D77      D77       B4         0
                text7                              1055     1055       13         0
                text6                               B49      B49       7F         0
                text5                              14D5     14D5       4B         0
                text4                               BC8      BC8       7F         0
                text3                              1520     1520       4B         0
                text2                              1113     1113       18         0
                text1                              11D0     11D0       1E         0
                maintext                            E2B      E2B      1D5         0
                clrtext                            1FBA     1FBA        6         0
                inittext                           1FC0     1FC0        6         0
                idataBANK1                         1FDE     1FDE        A         0

        CLASS   STRCODE        
                stringtext                          800      800      2FA         0

        CLASS   STRING         

        CLASS   CONST          
                swtext1                            1800     1800        A         0

        CLASS   ENTRY          

        CLASS   COMMON         
                cstackCOMMON                         70       70        E         1

        CLASS   BANK0          
                cstackBANK0                          20       20       50         1

        CLASS   BANK1          
                cstackBANK1                          B4       B4       14         1
                dataBANK1                            C8       C8        A         1
                bssBANK1                             A0       A0       14         1

        CLASS   BANK2          
                bssBANK2                            120      120       40         1

        CLASS   BANK3          

        CLASS   BANK4          

        CLASS   BANK5          

        CLASS   BANK6          

        CLASS   BANK7          

        CLASS   BANK8          

        CLASS   BANK9          

        CLASS   BANK10         

        CLASS   BANK11         

        CLASS   BANK12         

        CLASS   BIGRAM         

        CLASS   RAM            

        CLASS   ABS1           
                abs_s1                               7E       7E        2         1

        CLASS   SFR0           

        CLASS   SFR1           

        CLASS   SFR2           

        CLASS   SFR3           

        CLASS   SFR4           

        CLASS   SFR5           

        CLASS   SFR6           

        CLASS   SFR7           

        CLASS   SFR8           

        CLASS   SFR9           

        CLASS   SFR10          

        CLASS   SFR11          

        CLASS   SFR12          

        CLASS   SFR13          

        CLASS   SFR14          

        CLASS   SFR15          

        CLASS   SFR16          

        CLASS   SFR17          

        CLASS   SFR18          

        CLASS   SFR19          

        CLASS   SFR20          

        CLASS   SFR21          

        CLASS   SFR22          

        CLASS   SFR23          

        CLASS   SFR24          

        CLASS   SFR25          

        CLASS   SFR26          

        CLASS   SFR27          

        CLASS   SFR28          

        CLASS   SFR29          

        CLASS   SFR30          

        CLASS   SFR31          

        CLASS   CONFIG         
                config                             8007     8007        2         0

        CLASS   IDLOC          

        CLASS   EEDATA         

        CLASS   BANK31         

        CLASS   BANK30         

        CLASS   BANK29         

        CLASS   BANK28         

        CLASS   BANK27         

        CLASS   BANK26         

        CLASS   BANK25         

        CLASS   BANK24         

        CLASS   BANK23         

        CLASS   BANK22         

        CLASS   BANK21         

        CLASS   BANK20         

        CLASS   BANK19         

        CLASS   BANK18         

        CLASS   BANK17         

        CLASS   BANK16         

        CLASS   BANK15         

        CLASS   BANK14         

        CLASS   BANK13         



SEGMENTS        Name                           Load    Length   Top    Selector   Space  Class     Delta

                reset_vec                      000000  000086  000086         0       0  CODE        2
                cstackBANK0                    000020  000050  000070        20       1  BANK0       1
                cstackCOMMON                   000070  00000E  00007E        70       1  COMMON      1
                bssBANK1                       0000A0  000032  0000D2        A0       1  BANK1       1
                text10                         000086  0000F6  00017C       10C       0  CODE        2
                bssBANK2                       000120  000040  000160       120       1  BANK2       1
                text16                         00017C  000666  0007E2       2F8       0  CODE        2
                cinit                          0007E2  00001E  000800       FC4       0  CODE        2
                stringtext                     000800  0002FA  000AFA      1000       0  STRCODE     2
                text13                         000AFA  00004F  000B49      15F4       0  CODE        2
                text6                          000B49  00007F  000BC8      1692       0  CODE        2
                text4                          000BC8  00007F  000C47      1790       0  CODE        2
                text14                         000C47  000087  000CCE      188E       0  CODE        2
                text9                          000CCE  0000A9  000D77      199C       0  CODE        2
                text8                          000D77  0000B4  000E2B      1AEE       0  CODE        2
                maintext                       000E2B  0001E0  00100B      1C56       0  CODE        2
                text27                         00100B  00000C  001017      2016       0  CODE        2
                text33                         001017  00000E  001025      202E       0  CODE        2
                text17                         001025  00000E  001033      204A       0  CODE        2
                text32                         001033  000011  001044      2066       0  CODE        2
                text21                         001044  000011  001055      2088       0  CODE        2
                text7                          001055  000013  001068      20AA       0  CODE        2
                text48                         001068  000014  00107C      20D0       0  CODE        2
                text47                         00107C  000014  001090      20F8       0  CODE        2
                text52                         001090  000015  0010A5      2120       0  CODE        2
                text40                         0010A5  000015  0010BA      214A       0  CODE        2
                text31                         0010BA  000015  0010CF      2174       0  CODE        2
                text15                         0010CF  000016  0010E5      219E       0  CODE        2
                text60                         0010E5  000017  0010FC      21CA       0  CODE        2
                text55                         0010FC  000017  001113      21F8       0  CODE        2
                text2                          001113  000018  00112B      2226       0  CODE        2
                text28                         00112B  00001A  001145      2256       0  CODE        2
                text46                         001145  00001B  001160      228A       0  CODE        2
                text45                         001160  00001B  00117B      22C0       0  CODE        2
                text18                         00117B  00001B  001196      22F6       0  CODE        2
                text51                         001196  00001C  0011B2      232C       0  CODE        2
                text44                         0011B2  00001E  0011D0      2364       0  CODE        2
                text1                          0011D0  00001E  0011EE      23A0       0  CODE        2
                text57                         0011EE  000026  001214      23DC       0  CODE        2
                text23                         001214  000026  00123A      2428       0  CODE        2
                text58                         00123A  000027  001261      2474       0  CODE        2
                text38                         001261  000028  001289      24C2       0  CODE        2
                text26                         001289  00002B  0012B4      2512       0  CODE        2
                text19                         0012B4  00002C  0012E0      2568       0  CODE        2
                text50                         0012E0  00002D  00130D      25C0       0  CODE        2
                text42                         00130D  00002E  00133B      261A       0  CODE        2
                text59                         00133B  000030  00136B      2676       0  CODE        2
                text39                         00136B  000031  00139C      26D6       0  CODE        2
                text12                         00139C  000031  0013CD      2738       0  CODE        2
                text43                         0013CD  000034  001401      279A       0  CODE        2
                text24                         001401  000034  001435      2802       0  CODE        2
                text20                         001435  000034  001469      286A       0  CODE        2
                text30                         001469  000035  00149E      28D2       0  CODE        2
                text36                         00149E  000037  0014D5      293C       0  CODE        2
                text5                          0014D5  00004B  001520      29AA       0  CODE        2
                text3                          001520  00004B  00156B      2A40       0  CODE        2
                text41                         00156B  000051  0015BC      2AD6       0  CODE        2
                text62                         0015BC  000054  001610      2B78       0  CODE        2
                text25                         001610  00005C  00166C      2C20       0  CODE        2
                text22                         00166C  000061  0016CD      2CD8       0  CODE        2
                text34                         0016CD  000062  00172F      2D9A       0  CODE        2
                text11                         00172F  000064  001793      2E5E       0  CODE        2
                text37                         001793  00006D  001800      2F26       0  CODE        2
                swtext1                        001800  00000A  00180A      3000       0  CONST       2
                text61                         001FB4  000006  001FBA      3F68       0  CODE        2
                clrtext                        001FBA  000006  001FC0      3F74       0  CODE        2
                inittext                       001FC0  000006  001FC6      3F80       0  CODE        2
                text54                         001FC6  000007  001FCD      3F8C       0  CODE        2
                text49                         001FCD  000007  001FD4      3F9A       0  CODE        2
                text56                         001FD4  00000A  001FDE      3FA8       0  CODE        2
                idataBANK1                     001FDE  00000A  001FE8      3FBC       0  CODE        2
                text35                         001FE8  00000C  001FF4      3FD0       0  CODE        2
                text29                         001FF4  00000C  002000      3FE8       0  CODE        2
                config                         008007  000002  008009     1000E       0  CONFIG      2


UNUSED ADDRESS RANGES

        Name                Unused          Largest block    Delta
        BANK1            000D2-000EF              1E           1
        BANK10           00520-0056F              50           1
        BANK11           005A0-005EF              50           1
        BANK12           00620-0064F              30           1
        BANK2            00160-0016F              10           1
        BANK3            001A0-001EF              50           1
        BANK4            00220-0026F              50           1
        BANK5            002A0-002EF              50           1
        BANK6            00320-0036F              50           1
        BANK7            003A0-003EF              50           1
        BANK8            00420-0046F              50           1
        BANK9            004A0-004EF              50           1
        BIGRAM           02000-023EF             3F0           1
        CODE             0180A-01FB3             7AA           2
        CONST            0180A-01FB3             100           2
        EEDATA           0F000-0F0FF             100           2
        ENTRY            0180A-01FB3             100           2
        IDLOC            08000-08003               4           2
        RAM              000D2-000EF              1E           1
                         00160-0016F              10
                         001A0-001EF              50
                         00220-0026F              50
                         002A0-002EF              50
                         00320-0036F              50
                         003A0-003EF              50
                         00420-0046F              50
                         004A0-004EF              50
                         00520-0056F              50
                         005A0-005EF              50
                         00620-0064F              30
        SFR0             00000-0001F              20           1
        SFR1             00080-0009F              20           1
        SFR10            00500-0051F              20           1
        SFR11            00580-0059F              20           1
        SFR12            00600-0061F              20           1
        SFR13            00680-006EF              70           1
        SFR14            00700-0076F              70           1
        SFR15            00780-007EF              70           1
        SFR16            00800-0086F              70           1
        SFR17            00880-008EF              70           1
        SFR18            00900-0096F              70           1
        SFR19            00980-009EF              70           1
        SFR2             00100-0011F              20           1
        SFR20            00A00-00A6F              70           1
        SFR21            00A80-00AEF              70           1
        SFR22            00B00-00B6F              70           1
        SFR23            00B80-00BEF              70           1
        SFR24            00C00-00C6F              70           1
        SFR25            00C80-00CEF              70           1
        SFR26            00D00-00D6F              70           1
        SFR27            00D80-00DEF              70           1
        SFR28            00E00-00E6F              70           1
        SFR29            00E80-00EEF              70           1
        SFR3             00180-0019F              20           1
        SFR30            00F00-00F6F              70           1
        SFR31            00F80-00FEF              70           1
        SFR4             00200-0021F              20           1
        SFR5             00280-0029F              20           1
        SFR6             00300-0031F              20           1
        SFR7             00380-0039F              20           1
        SFR8             00400-0041F              20           1
        SFR9             00480-0049F              20           1
        STACK            020E0-023EF             310           1
        STRCODE          0180A-01FB3             7AA           2
        STRING           0180A-01FB3             100           2

                                  Symbol Table

?___aldiv                                    cstackCOMMON 00070
?___ftadd                                    cstackBANK0  00040
?___ftdiv                                    cstackBANK0  00030
?___ftmul                                    cstackBANK0  00020
?___ftpack                                   cstackCOMMON 00070
?___fttol                                    cstackBANK0  0005C
?___lwdiv                                    cstackCOMMON 00070
?___lwmod                                    cstackCOMMON 00078
?___lwtoft                                   cstackCOMMON 00078
?___wmul                                     cstackCOMMON 00070
?__doprnt                                    cstackBANK0  00020
?_printf                                     cstackBANK0  0003F
?_si7021_ReadHumidity                        cstackBANK0  0004D
?_si7021_ReadTemperature                     cstackBANK0  0004D
?_sprintf                                    cstackBANK0  0003F
I2C1_ReadFrame@i2c1FrameLength               cstackCOMMON 00071
I2C1_ReadFrame@i2c1ReadPointer               cstackCOMMON 00070
I2C1_ReadFrame@i2c1SlaveAddress              cstackCOMMON 00073
I2C1_WriteByte@i2c1Data                      cstackCOMMON 00070
I2C1_WriteByte@i2c1SlaveAddress              cstackCOMMON 00071
StatusLED@status                             cstackCOMMON 00070
UARTSetup@baud                               cstackBANK0  0002C
UARTSetup@baudrate                           cstackBANK0  00026
UART_Debug@str                               cstackCOMMON 00071
_ANSELB                                      (abs)        0018D
_ANSELBbits                                  (abs)        0018D
_ANSELCbits                                  (abs)        0018E
_APFCON0bits                                 (abs)        0011D
_BAUDCONbits                                 (abs)        0019F
_Device_Initialize                           text59       0133B
_Device_SetUp                                text58       0123A
_I2C1_ReadFrame                              text13       00AFA
_I2C1_WriteByte                              text12       0139C
_INTCONbits                                  (abs)        0000B
_LATBbits                                    (abs)        0010D
_LATCbits                                    (abs)        0010E
_OPTION_REGbits                              (abs)        00095
_OSCCONbits                                  (abs)        00099
_OSCSTATbits                                 (abs)        0009A
_PIE1bits                                    (abs)        00091
_PIR1bits                                    (abs)        00011
_PIR2bits                                    (abs)        00012
_PIR4bits                                    (abs)        00014
_RCSTAbits                                   (abs)        0019D
_SPBRGH                                      (abs)        0019C
_SPBRGL                                      (abs)        0019B
_SSP1BUF                                     (abs)        00211
_SSP1CON1bits                                (abs)        00215
_SSP1STATbits                                (abs)        00214
_SSP2ADD                                     (abs)        0021A
_SSP2BUF                                     (abs)        00219
_SSP2CON1                                    (abs)        0021D
_SSP2CON2bits                                (abs)        0021E
_SSP2CON3                                    (abs)        0021F
_SSP2STAT                                    (abs)        0021C
_SSP2STATbits                                (abs)        0021C
_StatusLED                                   text57       011EE
_T1CONbits                                   (abs)        00018
_TRISBbits                                   (abs)        0008D
_TRISCbits                                   (abs)        0008E
_TXREG                                       (abs)        0019A
_TXSTAbits                                   (abs)        0019E
_Timer1_Setup                                text56       01FD4
_UARTSetup                                   text62       015BC
_UARTSetup$2069                              cstackBANK0  00028
_UART_Debug                                  text60       010E5
_WPUB                                        (abs)        0020D
__CFG_BOREN$ON                               (abs)        00000
__CFG_BORV$LO                                (abs)        00000
__CFG_CLKOUTEN$OFF                           (abs)        00000
__CFG_CP$OFF                                 (abs)        00000
__CFG_CPD$OFF                                (abs)        00000
__CFG_FCMEN$ON                               (abs)        00000
__CFG_FOSC$INTOSC                            (abs)        00000
__CFG_IESO$ON                                (abs)        00000
__CFG_LVP$ON                                 (abs)        00000
__CFG_MCLRE$ON                               (abs)        00000
__CFG_PLLEN$OFF                              (abs)        00000
__CFG_PWRTE$OFF                              (abs)        00000
__CFG_STVREN$ON                              (abs)        00000
__CFG_WDTE$OFF                               (abs)        00000
__CFG_WRT$OFF                                (abs)        00000
__Habs1                                      abs1         00000
__Hbank0                                     bank0        00000
__Hbank1                                     bank1        00000
__Hbank10                                    bank10       00000
__Hbank11                                    bank11       00000
__Hbank12                                    bank12       00000
__Hbank13                                    bank13       00000
__Hbank14                                    bank14       00000
__Hbank15                                    bank15       00000
__Hbank16                                    bank16       00000
__Hbank17                                    bank17       00000
__Hbank18                                    bank18       00000
__Hbank19                                    bank19       00000
__Hbank2                                     bank2        00000
__Hbank20                                    bank20       00000
__Hbank21                                    bank21       00000
__Hbank22                                    bank22       00000
__Hbank23                                    bank23       00000
__Hbank24                                    bank24       00000
__Hbank25                                    bank25       00000
__Hbank26                                    bank26       00000
__Hbank27                                    bank27       00000
__Hbank28                                    bank28       00000
__Hbank29                                    bank29       00000
__Hbank3                                     bank3        00000
__Hbank30                                    bank30       00000
__Hbank31                                    bank31       00000
__Hbank4                                     bank4        00000
__Hbank5                                     bank5        00000
__Hbank6                                     bank6        00000
__Hbank7                                     bank7        00000
__Hbank8                                     bank8        00000
__Hbank9                                     bank9        00000
__Hbigram                                    bigram       00000
__HbssBANK1                                  bssBANK1     00000
__HbssBANK2                                  bssBANK2     00000
__Hcinit                                     cinit        00800
__Hclrtext                                   clrtext      00000
__Hcode                                      code         00000
__Hcommon                                    common       00000
__Hconfig                                    config       08009
__HcstackBANK0                               cstackBANK0  00000
__HcstackBANK1                               cstackBANK1  00000
__HcstackCOMMON                              cstackCOMMON 00000
__HdataBANK1                                 dataBANK1    00000
__Heeprom_data                               eeprom_data  00000
__Hend_init                                  end_init     00004
__Hfunctab                                   functab      00000
__HidataBANK1                                idataBANK1   00000
__Hidloc                                     idloc        00000
__Hinit                                      init         00002
__Hinittext                                  inittext     00000
__Hintentry                                  intentry     00002
__Hmaintext                                  maintext     00000
__Hpowerup                                   powerup      00000
__Hram                                       ram          00000
__Hreset_vec                                 reset_vec    00002
__Hsfr0                                      sfr0         00000
__Hsfr1                                      sfr1         00000
__Hsfr10                                     sfr10        00000
__Hsfr11                                     sfr11        00000
__Hsfr12                                     sfr12        00000
__Hsfr13                                     sfr13        00000
__Hsfr14                                     sfr14        00000
__Hsfr15                                     sfr15        00000
__Hsfr16                                     sfr16        00000
__Hsfr17                                     sfr17        00000
__Hsfr18                                     sfr18        00000
__Hsfr19                                     sfr19        00000
__Hsfr2                                      sfr2         00000
__Hsfr20                                     sfr20        00000
__Hsfr21                                     sfr21        00000
__Hsfr22                                     sfr22        00000
__Hsfr23                                     sfr23        00000
__Hsfr24                                     sfr24        00000
__Hsfr25                                     sfr25        00000
__Hsfr26                                     sfr26        00000
__Hsfr27                                     sfr27        00000
__Hsfr28                                     sfr28        00000
__Hsfr29                                     sfr29        00000
__Hsfr3                                      sfr3         00000
__Hsfr30                                     sfr30        00000
__Hsfr31                                     sfr31        00000
__Hsfr4                                      sfr4         00000
__Hsfr5                                      sfr5         00000
__Hsfr6                                      sfr6         00000
__Hsfr7                                      sfr7         00000
__Hsfr8                                      sfr8         00000
__Hsfr9                                      sfr9         00000
__Hspace_0                                   (abs)        08009
__Hspace_1                                   (abs)        00160
__Hspace_2                                   (abs)        00000
__Hspace_3                                   (abs)        00000
__Hstack                                     stack        00000
__Hstrings                                   strings      00000
__Hstringtext                                stringtext   00000
__Htext                                      text         00000
__Labs1                                      abs1         00000
__Lbank0                                     bank0        00000
__Lbank1                                     bank1        00000
__Lbank10                                    bank10       00000
__Lbank11                                    bank11       00000
__Lbank12                                    bank12       00000
__Lbank13                                    bank13       00000
__Lbank14                                    bank14       00000
__Lbank15                                    bank15       00000
__Lbank16                                    bank16       00000
__Lbank17                                    bank17       00000
__Lbank18                                    bank18       00000
__Lbank19                                    bank19       00000
__Lbank2                                     bank2        00000
__Lbank20                                    bank20       00000
__Lbank21                                    bank21       00000
__Lbank22                                    bank22       00000
__Lbank23                                    bank23       00000
__Lbank24                                    bank24       00000
__Lbank25                                    bank25       00000
__Lbank26                                    bank26       00000
__Lbank27                                    bank27       00000
__Lbank28                                    bank28       00000
__Lbank29                                    bank29       00000
__Lbank3                                     bank3        00000
__Lbank30                                    bank30       00000
__Lbank31                                    bank31       00000
__Lbank4                                     bank4        00000
__Lbank5                                     bank5        00000
__Lbank6                                     bank6        00000
__Lbank7                                     bank7        00000
__Lbank8                                     bank8        00000
__Lbank9                                     bank9        00000
__Lbigram                                    bigram       00000
__LbssBANK1                                  bssBANK1     00000
__LbssBANK2                                  bssBANK2     00000
__Lcinit                                     cinit        007E2
__Lclrtext                                   clrtext      00000
__Lcode                                      code         00000
__Lcommon                                    common       00000
__Lconfig                                    config       08007
__LcstackBANK0                               cstackBANK0  00000
__LcstackBANK1                               cstackBANK1  00000
__LcstackCOMMON                              cstackCOMMON 00000
__LdataBANK1                                 dataBANK1    00000
__Leeprom_data                               eeprom_data  00000
__Lend_init                                  end_init     00002
__Lfunctab                                   functab      00000
__LidataBANK1                                idataBANK1   00000
__Lidloc                                     idloc        00000
__Linit                                      init         00002
__Linittext                                  inittext     00000
__Lintentry                                  intentry     00002
__Lmaintext                                  maintext     00000
__Lpowerup                                   powerup      00000
__Lram                                       ram          00000
__Lreset_vec                                 reset_vec    00000
__Lsfr0                                      sfr0         00000
__Lsfr1                                      sfr1         00000
__Lsfr10                                     sfr10        00000
__Lsfr11                                     sfr11        00000
__Lsfr12                                     sfr12        00000
__Lsfr13                                     sfr13        00000
__Lsfr14                                     sfr14        00000
__Lsfr15                                     sfr15        00000
__Lsfr16                                     sfr16        00000
__Lsfr17                                     sfr17        00000
__Lsfr18                                     sfr18        00000
__Lsfr19                                     sfr19        00000
__Lsfr2                                      sfr2         00000
__Lsfr20                                     sfr20        00000
__Lsfr21                                     sfr21        00000
__Lsfr22                                     sfr22        00000
__Lsfr23                                     sfr23        00000
__Lsfr24                                     sfr24        00000
__Lsfr25                                     sfr25        00000
__Lsfr26                                     sfr26        00000
__Lsfr27                                     sfr27        00000
__Lsfr28                                     sfr28        00000
__Lsfr29                                     sfr29        00000
__Lsfr3                                      sfr3         00000
__Lsfr30                                     sfr30        00000
__Lsfr31                                     sfr31        00000
__Lsfr4                                      sfr4         00000
__Lsfr5                                      sfr5         00000
__Lsfr6                                      sfr6         00000
__Lsfr7                                      sfr7         00000
__Lsfr8                                      sfr8         00000
__Lsfr9                                      sfr9         00000
__Lspace_0                                   (abs)        00000
__Lspace_1                                   (abs)        00000
__Lspace_2                                   (abs)        00000
__Lspace_3                                   (abs)        00000
__Lstack                                     stack        00000
__Lstrings                                   strings      00000
__Lstringtext                                stringtext   00000
__Ltext                                      text         00000
__S0                                         (abs)        08009
__S1                                         (abs)        00160
__S2                                         (abs)        00000
__S3                                         (abs)        00000
___aldiv                                     text63       00004
___aldiv@counter                             cstackBANK0  00020
___aldiv@dividend                            cstackCOMMON 00074
___aldiv@divisor                             cstackCOMMON 00070
___aldiv@quotient                            cstackBANK0  00022
___aldiv@sign                                cstackBANK0  00021
___bmul                                      text21       01044
___bmul@multiplicand                         cstackCOMMON 00070
___bmul@multiplier                           cstackCOMMON 00073
___bmul@product                              cstackCOMMON 00072
___ftadd                                     text10       00086
___ftadd@exp1                                cstackBANK0  0004C
___ftadd@exp2                                cstackBANK0  0004B
___ftadd@f1                                  cstackBANK0  00040
___ftadd@f2                                  cstackBANK0  00043
___ftadd@sign                                cstackBANK0  0004A
___ftdiv                                     text9        00CCE
___ftdiv@cntr                                cstackBANK0  0003A
___ftdiv@exp                                 cstackBANK0  0003E
___ftdiv@f1                                  cstackBANK0  00033
___ftdiv@f2                                  cstackBANK0  00030
___ftdiv@f3                                  cstackBANK0  0003B
___ftdiv@sign                                cstackBANK0  0003F
___ftmul                                     text8        00D77
___ftmul@cntr                                cstackBANK0  0002E
___ftmul@exp                                 cstackBANK0  0002A
___ftmul@f1                                  cstackBANK0  00020
___ftmul@f2                                  cstackBANK0  00023
___ftmul@f3_as_product                       cstackBANK0  0002B
___ftmul@sign                                cstackBANK0  0002F
___ftpack                                    text11       0172F
___ftpack@arg                                cstackCOMMON 00070
___ftpack@exp                                cstackCOMMON 00073
___ftpack@sign                               cstackCOMMON 00074
___fttol                                     text14       00C47
___fttol@exp1                                cstackBANK0  00069
___fttol@f1                                  cstackBANK0  0005C
___fttol@lval                                cstackBANK0  00065
___fttol@sign1                               cstackBANK0  00064
___int_sp                                    stack        00000
___latbits                                   (abs)        00002
___lwdiv                                     text20       01435
___lwdiv@counter                             cstackCOMMON 00077
___lwdiv@dividend                            cstackCOMMON 00072
___lwdiv@divisor                             cstackCOMMON 00070
___lwdiv@quotient                            cstackCOMMON 00075
___lwmod                                     text19       012B4
___lwmod@counter                             cstackCOMMON 0007D
___lwmod@dividend                            cstackCOMMON 0007A
___lwmod@divisor                             cstackCOMMON 00078
___lwtoft                                    text7        01055
___lwtoft@c                                  cstackCOMMON 00078
___sp                                        stack        00000
___wmul                                      text18       0117B
___wmul@multiplicand                         cstackCOMMON 00072
___wmul@multiplier                           cstackCOMMON 00070
___wmul@product                              cstackCOMMON 00074
__doprnt                                     text16       0017C
__doprnt$1464                                cstackBANK0  00027
__doprnt$1465                                cstackBANK0  00029
__doprnt$1466                                cstackBANK0  0002B
__doprnt$1467                                cstackBANK0  0002D
__doprnt$1473                                cstackBANK0  0002F
__doprnt@ap                                  cstackBANK0  00022
__doprnt@c                                   cstackBANK0  0003B
__doprnt@cp                                  cstackBANK0  00032
__doprnt@f                                   cstackBANK0  00020
__doprnt@flag                                cstackBANK0  0003C
__doprnt@idx                                 cstackBANK0  00031
__doprnt@len                                 cstackBANK0  00034
__doprnt@pb                                  cstackBANK0  0003E
__doprnt@prec                                cstackBANK0  00038
__doprnt@val                                 cstackBANK0  00036
__doprnt@width                               cstackBANK0  00039
__end_of_Device_Initialize                   text59       0136B
__end_of_Device_SetUp                        text58       01261
__end_of_I2C1_ReadFrame                      text13       00B49
__end_of_I2C1_WriteByte                      text12       013CD
__end_of_StatusLED                           text57       01214
__end_of_Timer1_Setup                        text56       01FDE
__end_of_UARTSetup                           text62       01610
__end_of_UART_Debug                          text60       010FC
__end_of___aldiv                             text63       00086
__end_of___bmul                              text21       01055
__end_of___ftadd                             text10       0017C
__end_of___ftdiv                             text9        00D77
__end_of___ftmul                             text8        00E2B
__end_of___ftpack                            text11       01793
__end_of___fttol                             text14       00CCE
__end_of___lwdiv                             text20       01469
__end_of___lwmod                             text19       012E0
__end_of___lwtoft                            text7        01068
__end_of___wmul                              text18       01196
__end_of__doprnt                             text16       007E2
__end_of__initialization                     cinit        007FD
__end_of_child_payload_size                  stringtext   0082C
__end_of_child_pipe                          stringtext   00832
__end_of_child_pipe_enable                   stringtext   00838
__end_of_dpowers                             stringtext   00816
__end_of_hexpowers                           stringtext   0081E
__end_of_i2c_init                            text55       01113
__end_of_isdigit                             text17       01033
__end_of_main                                maintext     01000
__end_of_nrf_available                       text50       0130D
__end_of_nrf_begin                           text41       015BC
__end_of_nrf_ce                              text49       01FD4
__end_of_nrf_csn                             text54       01FCD
__end_of_nrf_enableDynamicPayloads           text39       0139C
__end_of_nrf_flush_rx                        text48       0107C
__end_of_nrf_flush_tx                        text47       01090
__end_of_nrf_getDynamicPayloadSize           text28       01145
__end_of_nrf_get_status                      text52       010A5
__end_of_nrf_openReadingPipe                 text37       01800
__end_of_nrf_openWritingPipe                 text36       014D5
__end_of_nrf_powerDown                       text27       01017
__end_of_nrf_powerUp                         text35       01FF4
__end_of_nrf_read                            text33       01025
__end_of_nrf_read_payload                    text34       0172F
__end_of_nrf_read_register                   text46       01160
__end_of_nrf_read_register_len               text26       012B4
__end_of_nrf_setAutoAck_all                  text32       01044
__end_of_nrf_setCRCLength                    text45       0117B
__end_of_nrf_setChannel                      text44       011D0
__end_of_nrf_setDataRate                     text43       01401
__end_of_nrf_setPALevel                      text42       0133B
__end_of_nrf_setRetries                      text31       010CF
__end_of_nrf_startListening                  text30       0149E
__end_of_nrf_startWrite                      text24       01435
__end_of_nrf_stopListening                   text29       02000
__end_of_nrf_toggle_features                 text40       010BA
__end_of_nrf_whatHappened                    text23       0123A
__end_of_nrf_write                           text22       016CD
__end_of_nrf_write_payload                   text25       0166C
__end_of_nrf_write_register                  text51       011B2
__end_of_nrf_write_register_len              text38       01289
__end_of_octpowers                           stringtext   0080C
__end_of_printf                              text15       010E5
__end_of_putch                               text61       01FBA
__end_of_rf24_crclength_e_str_0              stringtext   0085F
__end_of_rf24_crclength_e_str_1              stringtext   00887
__end_of_rf24_crclength_e_str_2              stringtext   00870
__end_of_rf24_crclength_e_str_P              stringtext   0083E
__end_of_rf24_datarate_e_str_0               stringtext   008A2
__end_of_rf24_datarate_e_str_1               stringtext   008A8
__end_of_rf24_datarate_e_str_2               stringtext   00878
__end_of_rf24_datarate_e_str_P               stringtext   00844
__end_of_rf24_model_e_str_0                  stringtext   00868
__end_of_rf24_model_e_str_1                  stringtext   00856
__end_of_rf24_model_e_str_P                  stringtext   00848
__end_of_rf24_pa_dbm_e_str_0                 stringtext   0088E
__end_of_rf24_pa_dbm_e_str_1                 stringtext   00895
__end_of_rf24_pa_dbm_e_str_2                 stringtext   0089C
__end_of_rf24_pa_dbm_e_str_3                 stringtext   00880
__end_of_rf24_pa_dbm_e_str_P                 stringtext   00826
__end_of_sb_readHumidity                     text5        01520
__end_of_sb_readTemperature                  text3        0156B
__end_of_si7021_ReadHumidity                 text6        00BC8
__end_of_si7021_ReadTemperature              text4        00C47
__end_of_spi_fast_shift                      text53       0100B
__end_of_spi_init                            text2        0112B
__end_of_sprintf                             text1        011EE
__end_ofnrf_openWritingPipe@max_payload_size stringtext   00849
__end_ofnrf_setChannel@max_channel           stringtext   0084A
__end_ofnrf_setPayloadSize@max_payload_size  stringtext   0084B
__end_ofnrf_writeAckPayload@max_payload_size stringtext   0084C
__initialization                             cinit        007E2
__pbssBANK1                                  bssBANK1     000A0
__pbssBANK2                                  bssBANK2     00120
__pcstackBANK0                               cstackBANK0  00020
__pcstackBANK1                               cstackBANK1  000B4
__pcstackCOMMON                              cstackCOMMON 00070
__pdataBANK1                                 dataBANK1    000C8
__pidataBANK1                                idataBANK1   01FDE
__pmaintext                                  maintext     00E2B
__pstringtext                                stringtext   00800
__pswtext1                                   swtext1      01800
__ptext1                                     text1        011D0
__ptext10                                    text10       00086
__ptext11                                    text11       0172F
__ptext12                                    text12       0139C
__ptext13                                    text13       00AFA
__ptext14                                    text14       00C47
__ptext15                                    text15       010CF
__ptext16                                    text16       0017C
__ptext17                                    text17       01025
__ptext18                                    text18       0117B
__ptext19                                    text19       012B4
__ptext2                                     text2        01113
__ptext20                                    text20       01435
__ptext21                                    text21       01044
__ptext22                                    text22       0166C
__ptext23                                    text23       01214
__ptext24                                    text24       01401
__ptext25                                    text25       01610
__ptext26                                    text26       01289
__ptext27                                    text27       0100B
__ptext28                                    text28       0112B
__ptext29                                    text29       01FF4
__ptext3                                     text3        01520
__ptext30                                    text30       01469
__ptext31                                    text31       010BA
__ptext32                                    text32       01033
__ptext33                                    text33       01017
__ptext34                                    text34       016CD
__ptext35                                    text35       01FE8
__ptext36                                    text36       0149E
__ptext37                                    text37       01793
__ptext38                                    text38       01261
__ptext39                                    text39       0136B
__ptext4                                     text4        00BC8
__ptext40                                    text40       010A5
__ptext41                                    text41       0156B
__ptext42                                    text42       0130D
__ptext43                                    text43       013CD
__ptext44                                    text44       011B2
__ptext45                                    text45       01160
__ptext46                                    text46       01145
__ptext47                                    text47       0107C
__ptext48                                    text48       01068
__ptext49                                    text49       01FCD
__ptext5                                     text5        014D5
__ptext50                                    text50       012E0
__ptext51                                    text51       01196
__ptext52                                    text52       01090
__ptext53                                    text53       01000
__ptext54                                    text54       01FC6
__ptext55                                    text55       010FC
__ptext56                                    text56       01FD4
__ptext57                                    text57       011EE
__ptext58                                    text58       0123A
__ptext59                                    text59       0133B
__ptext6                                     text6        00B49
__ptext60                                    text60       010E5
__ptext61                                    text61       01FB4
__ptext62                                    text62       015BC
__ptext63                                    text63       00004
__ptext7                                     text7        01055
__ptext8                                     text8        00D77
__ptext9                                     text9        00CCE
__size_of_Device_Initialize                  (abs)        00000
__size_of_Device_SetUp                       (abs)        00000
__size_of_I2C1_ReadFrame                     (abs)        00000
__size_of_I2C1_WriteByte                     (abs)        00000
__size_of_StatusLED                          (abs)        00000
__size_of_Timer1_Setup                       (abs)        00000
__size_of_UARTSetup                          (abs)        00000
__size_of_UART_Debug                         (abs)        00000
__size_of___aldiv                            (abs)        00000
__size_of___bmul                             (abs)        00000
__size_of___ftadd                            (abs)        00000
__size_of___ftdiv                            (abs)        00000
__size_of___ftmul                            (abs)        00000
__size_of___ftpack                           (abs)        00000
__size_of___fttol                            (abs)        00000
__size_of___lwdiv                            (abs)        00000
__size_of___lwmod                            (abs)        00000
__size_of___lwtoft                           (abs)        00000
__size_of___wmul                             (abs)        00000
__size_of__doprnt                            (abs)        00000
__size_of_i2c_init                           (abs)        00000
__size_of_isdigit                            (abs)        00000
__size_of_main                               (abs)        00000
__size_of_nrf_available                      (abs)        00000
__size_of_nrf_begin                          (abs)        00000
__size_of_nrf_ce                             (abs)        00000
__size_of_nrf_csn                            (abs)        00000
__size_of_nrf_enableDynamicPayloads          (abs)        00000
__size_of_nrf_flush_rx                       (abs)        00000
__size_of_nrf_flush_tx                       (abs)        00000
__size_of_nrf_getDynamicPayloadSize          (abs)        00000
__size_of_nrf_get_status                     (abs)        00000
__size_of_nrf_openReadingPipe                (abs)        00000
__size_of_nrf_openWritingPipe                (abs)        00000
__size_of_nrf_powerDown                      (abs)        00000
__size_of_nrf_powerUp                        (abs)        00000
__size_of_nrf_read                           (abs)        00000
__size_of_nrf_read_payload                   (abs)        00000
__size_of_nrf_read_register                  (abs)        00000
__size_of_nrf_read_register_len              (abs)        00000
__size_of_nrf_setAutoAck_all                 (abs)        00000
__size_of_nrf_setCRCLength                   (abs)        00000
__size_of_nrf_setChannel                     (abs)        00000
__size_of_nrf_setDataRate                    (abs)        00000
__size_of_nrf_setPALevel                     (abs)        00000
__size_of_nrf_setRetries                     (abs)        00000
__size_of_nrf_startListening                 (abs)        00000
__size_of_nrf_startWrite                     (abs)        00000
__size_of_nrf_stopListening                  (abs)        00000
__size_of_nrf_toggle_features                (abs)        00000
__size_of_nrf_whatHappened                   (abs)        00000
__size_of_nrf_write                          (abs)        00000
__size_of_nrf_write_payload                  (abs)        00000
__size_of_nrf_write_register                 (abs)        00000
__size_of_nrf_write_register_len             (abs)        00000
__size_of_printf                             (abs)        00000
__size_of_putch                              (abs)        00000
__size_of_sb_readHumidity                    (abs)        00000
__size_of_sb_readTemperature                 (abs)        00000
__size_of_si7021_ReadHumidity                (abs)        00000
__size_of_si7021_ReadTemperature             (abs)        00000
__size_of_spi_fast_shift                     (abs)        00000
__size_of_spi_init                           (abs)        00000
__size_of_sprintf                            (abs)        00000
_ack_payload_available                       bssBANK1     000B3
_ack_payload_length                          bssBANK1     000A5
_child_payload_size                          stringtext   00826
_child_pipe                                  stringtext   0082C
_child_pipe_enable                           stringtext   00832
_dpowers                                     stringtext   0080C
_dynamic_payloads_enabled                    bssBANK1     000A6
_hexpowers                                   stringtext   00816
_i2c_init                                    text55       010FC
_isdigit                                     text17       01025
_isdigit$1659                                cstackCOMMON 00070
_main                                        maintext     00E2B
_nrf_available                               text50       012E0
_nrf_begin                                   text41       0156B
_nrf_ce                                      text49       01FCD
_nrf_csn                                     text54       01FC6
_nrf_enableDynamicPayloads                   text39       0136B
_nrf_flush_rx                                text48       01068
_nrf_flush_tx                                text47       0107C
_nrf_getDynamicPayloadSize                   text28       0112B
_nrf_get_status                              text52       01090
_nrf_openReadingPipe                         text37       01793
_nrf_openWritingPipe                         text36       0149E
_nrf_openWritingPipe$347                     cstackCOMMON 0007B
_nrf_powerDown                               text27       0100B
_nrf_powerUp                                 text35       01FE8
_nrf_read                                    text33       01017
_nrf_read_payload                            text34       016CD
_nrf_read_payload$199                        cstackCOMMON 00076
_nrf_read_payload$201                        cstackCOMMON 00078
_nrf_read_register                           text46       01145
_nrf_read_register_len                       text26       01289
_nrf_setAutoAck_all                          text32       01033
_nrf_setCRCLength                            text45       01160
_nrf_setChannel                              text44       011B2
_nrf_setChannel$242                          cstackCOMMON 0007B
_nrf_setDataRate                             text43       013CD
_nrf_setPALevel                              text42       0130D
_nrf_setRetries                              text31       010BA
_nrf_startListening                          text30       01469
_nrf_startWrite                              text24       01401
_nrf_stopListening                           text29       01FF4
_nrf_toggle_features                         text40       010A5
_nrf_whatHappened                            text23       01214
_nrf_write                                   text22       0166C
_nrf_write_payload                           text25       01610
_nrf_write_payload$190                       cstackCOMMON 00077
_nrf_write_payload$192                       cstackCOMMON 00079
_nrf_write_register                          text51       01196
_nrf_write_register_len                      text38       01261
_octpowers                                   stringtext   00800
_p_variant                                   bssBANK1     000A7
_payload_size                                bssBANK1     000A8
_pipe0_reading_address                       bssBANK1     000AE
_printf                                      text15       010CF
_putch                                       text61       01FB4
_receivePayload                              bssBANK2     00120
_sb_readHumidity                             text5        014D5
_sb_readHumidity$2071                        cstackBANK0  0006B
_sb_readTemperature                          text3        01520
_sb_readTemperature$2070                     cstackBANK0  0006B
_sendPayload                                 bssBANK2     00140
_si7021_ReadHumidity                         text6        00B49
_si7021_ReadTemperature                      text4        00BC8
_si7021_humidDec                             bssBANK1     000A9
_si7021_humidNum                             bssBANK1     000AA
_si7021_tempDec                              bssBANK1     000AB
_si7021_tempNum                              bssBANK1     000AC
_spi_fast_shift                              text53       01000
_spi_init                                    text2        01113
_sprintf                                     text1        011D0
_wide_band                                   bssBANK1     000AD
btemp                                        (abs)        0007E
clear_ram0                                   clrtext      01FBA
end_of_initialization                        cinit        007FD
init_ram                                     inittext     01FC0
intlevel0                                    functab      00000
intlevel1                                    functab      00000
intlevel2                                    functab      00000
intlevel3                                    functab      00000
intlevel4                                    functab      00000
intlevel5                                    functab      00000
isdigit@c                                    cstackCOMMON 00071
ltemp                                        (abs)        0007E
ltemp0                                       (abs)        0007E
ltemp1                                       (abs)        00082
ltemp2                                       (abs)        00086
ltemp3                                       (abs)        00080
main@F3477                                   dataBANK1    000C8
main@F3479                                   dataBANK1    000CD
main@i                                       cstackBANK1  000C7
main@len                                     cstackBANK1  000C6
main@nRF_pipe_reading                        cstackBANK1  000C1
main@nRF_pipe_writing                        cstackBANK1  000BC
nrf_available@pipe_num                       cstackCOMMON 0007B
nrf_available@result                         cstackCOMMON 0007A
nrf_available@status                         cstackCOMMON 0007C
nrf_ce@level                                 cstackCOMMON 00070
nrf_csn@mode                                 cstackCOMMON 00070
nrf_flush_rx@status                          cstackCOMMON 00073
nrf_flush_tx@status                          cstackCOMMON 00073
nrf_getDynamicPayloadSize@result             cstackCOMMON 00073
nrf_get_status@status                        cstackCOMMON 00073
nrf_openReadingPipe@address                  cstackCOMMON 00079
nrf_openReadingPipe@child                    cstackCOMMON 0007C
nrf_openWritingPipe@address                  cstackCOMMON 0007D
nrf_openWritingPipe@max_payload_size         stringtext   00848
nrf_read@buf                                 cstackBANK0  00022
nrf_read@len                                 cstackBANK0  00020
nrf_read_payload@blank_len                   cstackCOMMON 0007A
nrf_read_payload@buf                         cstackCOMMON 0007B
nrf_read_payload@data_len                    cstackCOMMON 0007D
nrf_read_payload@i                           cstackCOMMON 0007C
nrf_read_payload@len                         cstackCOMMON 00072
nrf_read_payload@status                      cstackCOMMON 00075
nrf_read_register@reg                        cstackCOMMON 00073
nrf_read_register@result                     cstackCOMMON 00074
nrf_read_register_len@buf                    cstackCOMMON 00072
nrf_read_register_len@len                    cstackCOMMON 00073
nrf_read_register_len@reg                    cstackCOMMON 00075
nrf_read_register_len@status                 cstackCOMMON 00076
nrf_setAutoAck_all@enable                    cstackCOMMON 0007A
nrf_setCRCLength@config                      cstackCOMMON 0007B
nrf_setCRCLength@length                      cstackCOMMON 0007A
nrf_setChannel@channel                       cstackCOMMON 0007D
nrf_setChannel@max_channel                   stringtext   00849
nrf_setDataRate@result                       cstackCOMMON 0007A
nrf_setDataRate@setup                        cstackCOMMON 0007C
nrf_setDataRate@speed                        cstackCOMMON 0007B
nrf_setPALevel@level                         cstackCOMMON 0007B
nrf_setPALevel@setup                         cstackCOMMON 0007A
nrf_setPayloadSize@max_payload_size          stringtext   0084A
nrf_setRetries@count                         cstackCOMMON 00079
nrf_setRetries@delay                         cstackCOMMON 0007D
nrf_startWrite@buf                           cstackBANK0  00022
nrf_startWrite@len                           cstackBANK0  00020
nrf_whatHappened@rx_ready                    cstackCOMMON 0007A
nrf_whatHappened@status                      cstackBANK0  00021
nrf_whatHappened@tx_fail                     cstackCOMMON 00079
nrf_whatHappened@tx_ok                       cstackBANK0  00020
nrf_write@buf                                cstackBANK0  0002D
nrf_write@len                                cstackBANK0  00023
nrf_write@observe_tx                         cstackBANK0  0002F
nrf_write@result                             cstackBANK0  0002E
nrf_write@status                             cstackBANK0  0002C
nrf_write@timeout                            cstackBANK0  00028
nrf_write@tx_fail                            cstackBANK0  00030
nrf_write@tx_ok                              cstackBANK0  00031
nrf_writeAckPayload@max_payload_size         stringtext   0084B
nrf_write_payload@blank_len                  cstackCOMMON 0007B
nrf_write_payload@buf                        cstackCOMMON 00076
nrf_write_payload@data_len                   cstackCOMMON 0007D
nrf_write_payload@i                          cstackCOMMON 0007C
nrf_write_payload@len                        cstackCOMMON 00072
nrf_write_payload@status                     cstackCOMMON 00075
nrf_write_register@reg                       cstackCOMMON 00077
nrf_write_register@status                    cstackCOMMON 00078
nrf_write_register@value                     cstackCOMMON 00075
nrf_write_register_len@buf                   cstackCOMMON 00072
nrf_write_register_len@len                   cstackCOMMON 00073
nrf_write_register_len@reg                   cstackCOMMON 00076
nrf_write_register_len@status                cstackCOMMON 00075
printf@ap                                    cstackBANK0  0004E
printf@f                                     cstackBANK0  0003F
printf@pb                                    cstackBANK0  0004F
putch@data                                   cstackCOMMON 00070
reset_vec                                    reset_vec    00000
sb_readHumidity@humid                        cstackBANK0  0006E
sb_readTemperature@temp                      cstackBANK0  0006E
si7021_ReadHumidity@F3471                    bssBANK1     000A0
si7021_ReadHumidity@rawHumidity              cstackBANK0  00058
si7021_ReadHumidity@readData                 cstackBANK0  0005A
si7021_ReadHumidity@result                   cstackBANK0  00055
si7021_ReadTemperature@F3477                 bssBANK1     000A2
si7021_ReadTemperature@rawTemp               cstackBANK0  00058
si7021_ReadTemperature@readData              cstackBANK0  0005A
si7021_ReadTemperature@result                cstackBANK0  00055
spi_fast_shift@data                          cstackCOMMON 00070
sprintf@ap                                   cstackBANK0  0004D
sprintf@f                                    cstackBANK0  0003F
sprintf@pb                                   cstackBANK0  0004E
[...]
      Temps:          0       0       0       0       0       0       0       0       0       0       0       0       0       0
      Totals:         2       0       0       0       0       0       0       0       0       0       0       0       0       0
Total ram usage:        2 bytes
 Hardware stack levels used:    1
 This function calls:
		Nothing
 This function is called by:
		_nrf_read_register_len
		_nrf_read_register
		_nrf_write_register_len
		_nrf_write_register
		_nrf_write_payload
		_nrf_read_payload
		_nrf_flush_rx
		_nrf_flush_tx
		_nrf_get_status
		_nrf_begin
		_nrf_getDynamicPayloadSize
		_nrf_toggle_features
		_nrf_writeAckPayload
 This function uses a non-reentrant model


 *************** function _i2c_init *****************
 Defined at:
		line 8 in file "i2cbysk.c"
 Parameters:    Size  Location     Type
		None
 Auto vars:     Size  Location     Type
		None
 Return value:  Size  Location     Type
                  1    wreg      void 
 Registers used:
		wreg, status,2
 Tracked objects:
		On entry : 
		On exit  : 
		Unchanged: 
 Data sizes:     COMMON   BANK0   BANK1   BANK2   BANK3   BANK4   BANK5   BANK6   BANK7   BANK8   BANK9  BANK10  BANK11  BANK12
      Params:         0       0       0       0       0       0       0       0       0       0       0       0       0       0
      Locals:         0       0       0       0       0       0       0       0       0       0       0       0       0       0
      Temps:          0       0       0       0       0       0       0       0       0       0       0       0       0       0
      Totals:         0       0       0       0       0       0       0       0       0       0       0       0       0       0
Total ram usage:        0 bytes
 Hardware stack levels used:    1
 This function calls:
		Nothing
 This function is called by:
		_main
 This function uses a non-reentrant model


 *************** function _Timer1_Setup *****************
 Defined at:
		line 94 in file "deviceconfig.c"
 Parameters:    Size  Location     Type
		None
 Auto vars:     Size  Location     Type
		None
 Return value:  Size  Location     Type
                  1    wreg      void 
 Registers used:
		wreg, status,2, status,0
 Tracked objects:
		On entry : 
		On exit  : 
		Unchanged: 
 Data sizes:     COMMON   BANK0   BANK1   BANK2   BANK3   BANK4   BANK5   BANK6   BANK7   BANK8   BANK9  BANK10  BANK11  BANK12
      Params:         0       0       0       0       0       0       0       0       0       0       0       0       0       0
      Locals:         0       0       0       0       0       0       0       0       0       0       0       0       0       0
      Temps:          0       0       0       0       0       0       0       0       0       0       0       0       0       0
      Totals:         0       0       0       0       0       0       0       0       0       0       0       0       0       0
Total ram usage:        0 bytes
 Hardware stack levels used:    1
 This function calls:
		Nothing
 This function is called by:
		_main
 This function uses a non-reentrant model


 *************** function _StatusLED *****************
 Defined at:
		line 112 in file "deviceconfig.c"
 Parameters:    Size  Location     Type
  status          1    wreg     unsigned char 
 Auto vars:     Size  Location     Type
  status          1    0[COMMON] unsigned char 
 Return value:  Size  Location     Type
                  1    wreg      void 
 Registers used:
		wreg, fsr0l, fsr0h, status,2, status,0
 Tracked objects:
		On entry : 
		On exit  : 
		Unchanged: 
 Data sizes:     COMMON   BANK0   BANK1   BANK2   BANK3   BANK4   BANK5   BANK6   BANK7   BANK8   BANK9  BANK10  BANK11  BANK12
      Params:         0       0       0       0       0       0       0       0       0       0       0       0       0       0
      Locals:         1       0       0       0       0       0       0       0       0       0       0       0       0       0
      Temps:          0       0       0       0       0       0       0       0       0       0       0       0       0       0
      Totals:         1       0       0       0       0       0       0       0       0       0       0       0       0       0
Total ram usage:        1 bytes
 Hardware stack levels used:    1
 This function calls:
		Nothing
 This function is called by:
		_main
 This function uses a non-reentrant model


 *************** function _Device_SetUp *****************
 Defined at:
		line 3 in file "deviceconfig.c"
 Parameters:    Size  Location     Type
		None
 Auto vars:     Size  Location     Type
		None
 Return value:  Size  Location     Type
                  1    wreg      void 
 Registers used:
		wreg, status,2, status,0
 Tracked objects:
		On entry : 
		On exit  : 
		Unchanged: 
 Data sizes:     COMMON   BANK0   BANK1   BANK2   BANK3   BANK4   BANK5   BANK6   BANK7   BANK8   BANK9  BANK10  BANK11  BANK12
      Params:         0       0       0       0       0       0       0       0       0       0       0       0       0       0
      Locals:         0       0       0       0       0       0       0       0       0       0       0       0       0       0
      Temps:          0       0       0       0       0       0       0       0       0       0       0       0       0       0
      Totals:         0       0       0       0       0       0       0       0       0       0       0       0       0       0
Total ram usage:        0 bytes
 Hardware stack levels used:    1
 This function calls:
		Nothing
 This function is called by:
		_main
 This function uses a non-reentrant model


 *************** function _Device_Initialize *****************
 Defined at:
		line 151 in file "deviceconfig.c"
 Parameters:    Size  Location     Type
		None
 Auto vars:     Size  Location     Type
		None
 Return value:  Size  Location     Type
                  1    wreg      void 
 Registers used:
		wreg, fsr0l, fsr0h, status,2, status,0, pclath, cstack
 Tracked objects:
		On entry : 
		On exit  : 
		Unchanged: 
 Data sizes:     COMMON   BANK0   BANK1   BANK2   BANK3   BANK4   BANK5   BANK6   BANK7   BANK8   BANK9  BANK10  BANK11  BANK12
      Params:         0       0       0       0       0       0       0       0       0       0       0       0       0       0
      Locals:         0       0       0       0       0       0       0       0       0       0       0       0       0       0
      Temps:          3       0       0       0       0       0       0       0       0       0       0       0       0       0
      Totals:         3       0       0       0       0       0       0       0       0       0       0       0       0       0
Total ram usage:        3 bytes
 Hardware stack levels used:    1
 Hardware stack levels required when called:    2
 This function calls:
		_UARTSetup
		_UART_Debug
		_putch
 This function is called by:
		_main
 This function uses a non-reentrant model


 *************** function _UART_Debug *****************
 Defined at:
		line 58 in file "uarttools.c"
 Parameters:    Size  Location     Type
  str             2    1[COMMON] PTR const unsigned char 
		 -> STR_43(12), STR_42(14), STR_41(18), STR_37(19), 
		 -> STR_36(24), STR_35(15), STR_34(19), STR_33(22), 
 Auto vars:     Size  Location     Type
		None
 Return value:  Size  Location     Type
                  1    wreg      void 
 Registers used:
		wreg, fsr0l, fsr0h, status,2, status,0, pclath, cstack
 Tracked objects:
		On entry : 
		On exit  : 
		Unchanged: 
 Data sizes:     COMMON   BANK0   BANK1   BANK2   BANK3   BANK4   BANK5   BANK6   BANK7   BANK8   BANK9  BANK10  BANK11  BANK12
      Params:         2       0       0       0       0       0       0       0       0       0       0       0       0       0
      Locals:         0       0       0       0       0       0       0       0       0       0       0       0       0       0
      Temps:          1       0       0       0       0       0       0       0       0       0       0       0       0       0
      Totals:         3       0       0       0       0       0       0       0       0       0       0       0       0       0
Total ram usage:        3 bytes
 Hardware stack levels used:    1
 Hardware stack levels required when called:    1
 This function calls:
		_putch
 This function is called by:
		_main
		_Device_Initialize
 This function uses a non-reentrant model


 *************** function _putch *****************
 Defined at:
		line 106 in file "deviceconfig.c"
 Parameters:    Size  Location     Type
  data            1    0[COMMON] unsigned char 
 Auto vars:     Size  Location     Type
		None
 Return value:  Size  Location     Type
                  1    wreg      void 
 Registers used:
		wreg
 Tracked objects:
		On entry : 
		On exit  : 
		Unchanged: 
 Data sizes:     COMMON   BANK0   BANK1   BANK2   BANK3   BANK4   BANK5   BANK6   BANK7   BANK8   BANK9  BANK10  BANK11  BANK12
      Params:         1       0       0       0       0       0       0       0       0       0       0       0       0       0
      Locals:         0       0       0       0       0       0       0       0       0       0       0       0       0       0
      Temps:          0       0       0       0       0       0       0       0       0       0       0       0       0       0
      Totals:         1       0       0       0       0       0       0       0       0       0       0       0       0       0
Total ram usage:        1 bytes
 Hardware stack levels used:    1
 This function calls:
		Nothing
 This function is called by:
		_Device_Initialize
		_UART_Debug
		_printf
		_UART_SendDouble
		_UART_SendInteger
		_UART_NewLine
		_UART_Write
		_uart_puts
		_UART_SendHex8
		_UART_SendHex16
		_UART_SendHex32
		__doprnt
 This function uses a non-reentrant model


 *************** function _UARTSetup *****************
 Defined at:
		line 46 in file "deviceconfig.c"
 Parameters:    Size  Location     Type
  baudrate        2    6[BANK0 ] unsigned int 
 Auto vars:     Size  Location     Type
  baud            2   12[BANK0 ] unsigned int 
 Return value:  Size  Location     Type
                  1    wreg      void 
 Registers used:
		wreg, status,2, status,0, pclath, cstack
 Tracked objects:
		On entry : 
		On exit  : 
		Unchanged: 
 Data sizes:     COMMON   BANK0   BANK1   BANK2   BANK3   BANK4   BANK5   BANK6   BANK7   BANK8   BANK9  BANK10  BANK11  BANK12
      Params:         0       2       0       0       0       0       0       0       0       0       0       0       0       0
      Locals:         0       6       0       0       0       0       0       0       0       0       0       0       0       0
      Temps:          2       0       0       0       0       0       0       0       0       0       0       0       0       0
      Totals:         2       8       0       0       0       0       0       0       0       0       0       0       0       0
Total ram usage:       10 bytes
 Hardware stack levels used:    1
 Hardware stack levels required when called:    1
 This function calls:
		___aldiv
 This function is called by:
		_Device_Initialize
 This function uses a non-reentrant model


 *************** function ___aldiv *****************
 Defined at:
		line 6 in file "C:\Program Files (x86)\Microchip\xc8\v1.38\sources\common\aldiv.c"
 Parameters:    Size  Location     Type
  divisor         4    0[COMMON] long 
  dividend        4    4[COMMON] long 
 Auto vars:     Size  Location     Type
  quotient        4    2[BANK0 ] long 
  sign            1    1[BANK0 ] unsigned char 
  counter         1    0[BANK0 ] unsigned char 
 Return value:  Size  Location     Type
                  4    0[COMMON] long 
 Registers used:
		wreg, status,2, status,0
 Tracked objects:
		On entry : 
		On exit  : 
		Unchanged: 
 Data sizes:     COMMON   BANK0   BANK1   BANK2   BANK3   BANK4   BANK5   BANK6   BANK7   BANK8   BANK9  BANK10  BANK11  BANK12
      Params:         8       0       0       0       0       0       0       0       0       0       0       0       0       0
      Locals:         0       6       0       0       0       0       0       0       0       0       0       0       0       0
      Temps:          1       0       0       0       0       0       0       0       0       0       0       0       0       0
      Totals:         9       6       0       0       0       0       0       0       0       0       0       0       0       0
Total ram usage:       15 bytes
 Hardware stack levels used:    1
 This function calls:
		Nothing
 This function is called by:
		_UARTSetup
 This function uses a non-reentrant model



MODULE INFORMATION

Module		Function		Class		Link	Load	Size
C:\Program Files (x86)\Microchip\xc8\v1.38\sources\common\float.c
		___ftpack      		CODE           	172F	0000	101

C:\Program Files (x86)\Microchip\xc8\v1.38\sources\common\float.c estimated size: 101

si7021.c
		_si7021_ReadTemperature		CODE           	0BC8	0000	128
		_si7021_ReadHumidity		CODE           	0B49	0000	128

si7021.c estimated size: 256

deviceconfig.c
		_putch         		CODE           	1FB4	0000	7
		_Device_SetUp  		CODE           	123A	0000	40
		_Timer1_Setup  		CODE           	1FD4	0000	11
		_Device_Initialize		CODE           	133B	0000	49
		_StatusLED     		CODE           	11EE	0000	39
		_UARTSetup     		CODE           	15BC	0000	85

deviceconfig.c estimated size: 231

C:\Program Files (x86)\Microchip\xc8\v1.38\sources\common\lwmod.c
		___lwmod       		CODE           	12B4	0000	45

C:\Program Files (x86)\Microchip\xc8\v1.38\sources\common\lwmod.c estimated size: 45

uarttools.c
		_UART_Debug    		CODE           	10E5	0000	24

uarttools.c estimated size: 24

C:\Program Files (x86)\Microchip\xc8\v1.38\sources\common\Umul16.c
		___wmul        		CODE           	117B	0000	28

C:\Program Files (x86)\Microchip\xc8\v1.38\sources\common\Umul16.c estimated size: 28

i2cbysk.c
		_I2C1_ReadFrame		CODE           	0AFA	0000	80
		_i2c_init      		CODE           	10FC	0000	24
		_I2C1_WriteByte		CODE           	139C	0000	50

i2cbysk.c estimated size: 154

sensorBoard.c
		_sb_readTemperature		CODE           	1520	0000	76
		_sb_readHumidity		CODE           	14D5	0000	76

sensorBoard.c estimated size: 152

C:\Program Files (x86)\Microchip\xc8\v1.38\sources\common\ftmul.c
		___ftmul       		CODE           	0D77	0000	181

C:\Program Files (x86)\Microchip\xc8\v1.38\sources\common\ftmul.c estimated size: 181

C:\Program Files (x86)\Microchip\xc8\v1.38\sources\common\printf.c
		_printf        		CODE           	10CF	0000	23

C:\Program Files (x86)\Microchip\xc8\v1.38\sources\common\printf.c estimated size: 23

C:\Program Files (x86)\Microchip\xc8\v1.38\sources\common\ftdiv.c
		___ftdiv       		CODE           	0CCE	0000	170

C:\Program Files (x86)\Microchip\xc8\v1.38\sources\common\ftdiv.c estimated size: 170

C:\Program Files (x86)\Microchip\xc8\v1.38\sources\common\lwdiv.c
		___lwdiv       		CODE           	1435	0000	53

C:\Program Files (x86)\Microchip\xc8\v1.38\sources\common\lwdiv.c estimated size: 53

C:\Program Files (x86)\Microchip\xc8\v1.38\sources\common\aldiv.c
		___aldiv       		CODE           	0004	0000	131

C:\Program Files (x86)\Microchip\xc8\v1.38\sources\common\aldiv.c estimated size: 131

C:\Program Files (x86)\Microchip\xc8\v1.38\sources\common\Umul8.c
		___bmul        		CODE           	1044	0000	18

C:\Program Files (x86)\Microchip\xc8\v1.38\sources\common\Umul8.c estimated size: 18

spi.c
		_spi_init      		CODE           	1113	0000	25
		_spi_fast_shift		CODE           	1000	0000	12

spi.c estimated size: 37

C:\Program Files (x86)\Microchip\xc8\v1.38\sources\common\fttol.c
		___fttol       		CODE           	0C47	0000	136

C:\Program Files (x86)\Microchip\xc8\v1.38\sources\common\fttol.c estimated size: 136

shared
		nrf_openWritingPipe@max_payload_size		STRCODE        	0848	0000	2
		_rf24_datarate_e_str_2		STRCODE        	0000	0000	0
		_child_pipe    		STRCODE        	082C	0000	7
		_rf24_crclength_e_str_0		STRCODE        	0000	0000	0
		_rf24_crclength_e_str_P		STRCODE        	0000	0000	0
		_rf24_datarate_e_str_P		STRCODE        	0000	0000	0
		_rf24_pa_dbm_e_str_0		STRCODE        	0000	0000	0
		_rf24_model_e_str_P		STRCODE        	0000	0000	0
		_dpowers       		STRCODE        	080C	0000	11
		_rf24_pa_dbm_e_str_1		STRCODE        	0000	0000	0
		_child_pipe_enable		STRCODE        	0832	0000	7
		_rf24_pa_dbm_e_str_2		STRCODE        	0000	0000	0
		_rf24_pa_dbm_e_str_3		STRCODE        	0000	0000	0
		nrf_writeAckPayload@max_payload_size		STRCODE        	084B	0000	2
		_rf24_crclength_e_str_1		STRCODE        	0000	0000	0
		__initialization		CODE           	07E2	0000	28
		nrf_setPayloadSize@max_payload_size		STRCODE        	084A	0000	2
		_octpowers     		STRCODE        	0800	0000	13
		_rf24_model_e_str_0		STRCODE        	0000	0000	0
		_rf24_model_e_str_1		STRCODE        	0000	0000	0
		_rf24_pa_dbm_e_str_P		STRCODE        	0000	0000	0
		_hexpowers     		STRCODE        	0816	0000	9
		_rf24_datarate_e_str_0		STRCODE        	0000	0000	0
		nrf_setChannel@max_channel		STRCODE        	0849	0000	2
		_child_payload_size		STRCODE        	0826	0000	7
		_rf24_crclength_e_str_2		STRCODE        	0000	0000	0
		_rf24_datarate_e_str_1		STRCODE        	0000	0000	0

shared estimated size: 90

C:\Program Files (x86)\Microchip\xc8\v1.38\sources\common\lwtoft.c
		___lwtoft      		CODE           	1055	0000	20

C:\Program Files (x86)\Microchip\xc8\v1.38\sources\common\lwtoft.c estimated size: 20

C:\Program Files (x86)\Microchip\xc8\v1.38\sources\common\isdigit.c
		_isdigit       		CODE           	1025	0000	15

C:\Program Files (x86)\Microchip\xc8\v1.38\sources\common\isdigit.c estimated size: 15

C:\Program Files (x86)\Microchip\xc8\v1.38\sources\common\ftadd.c
		___ftadd       		CODE           	0086	0000	247

C:\Program Files (x86)\Microchip\xc8\v1.38\sources\common\ftadd.c estimated size: 247

C:\Program Files (x86)\Microchip\xc8\v1.38\sources\common\doprnt.c
		__doprnt       		CODE           	017C	0000	1639

C:\Program Files (x86)\Microchip\xc8\v1.38\sources\common\doprnt.c estimated size: 1639

nRF_lib/RF24.c
		_nrf_read_register_len		CODE           	1289	0000	44
		_nrf_ce        		CODE           	1FCD	0000	8
		_nrf_setAutoAck_all		CODE           	1033	0000	18
		_nrf_setDataRate		CODE           	13CD	0000	53
		_nrf_write     		CODE           	166C	0000	98
		_nrf_enableDynamicPayloads		CODE           	136B	0000	50
		_nrf_startListening		CODE           	1469	0000	54
		_nrf_openReadingPipe		CODE           	1793	0000	110
		_nrf_openWritingPipe		CODE           	149E	0000	56
		_nrf_getDynamicPayloadSize		CODE           	112B	0000	27
		_nrf_whatHappened		CODE           	1214	0000	39
		_nrf_read      		CODE           	1017	0000	15
		_nrf_write_payload		CODE           	1610	0000	93
		_nrf_available 		CODE           	12E0	0000	46
		_nrf_read_payload		CODE           	16CD	0000	99
		_nrf_write_register_len		CODE           	1261	0000	41
		_nrf_flush_rx  		CODE           	1068	0000	21
		_nrf_flush_tx  		CODE           	107C	0000	21
		_nrf_csn       		CODE           	1FC6	0000	8
		_nrf_stopListening		CODE           	1FF4	0000	13
		_nrf_powerUp   		CODE           	1FE8	0000	13
		_nrf_read_register		CODE           	1145	0000	28
		_nrf_powerDown 		CODE           	100B	0000	13
		_nrf_begin     		CODE           	156B	0000	82
		_nrf_setCRCLength		CODE           	1160	0000	28
		_nrf_toggle_features		CODE           	10A5	0000	22
		_nrf_get_status		CODE           	1090	0000	22
		_nrf_setPALevel		CODE           	130D	0000	47
		_nrf_setChannel		CODE           	11B2	0000	31
		_nrf_setRetries		CODE           	10BA	0000	22
		_nrf_write_register		CODE           	1196	0000	29
		_nrf_startWrite		CODE           	1401	0000	53

nRF_lib/RF24.c estimated size: 1304

main.c
		_main          		CODE           	0E2B	0000	470

main.c estimated size: 470

C:\Program Files (x86)\Microchip\xc8\v1.38\sources\common\sprintf.c
		_sprintf       		CODE           	11D0	0000	31

C:\Program Files (x86)\Microchip\xc8\v1.38\sources\common\sprintf.c estimated size: 31

